prozess in std/test/cucumber/ekvkservice/ruecklieferung_mz.feature
Scenario: Ruecklieferung EK-Lieferschein mit Verwendung und Projekt, ohne MZs
--- vor return ---
|artikel    |lgruppe  |platz|gebeinh|gebf|gebmge|charge|verw    |projekt|lffert|lj      |orig    |verfdat   |bewmge|bewlj   |beworig |bewdat    |
|AUFTRAGSBEZ|KARLSRUHE| F122|  Stück|   1|    26|      |1BE100_4|PROJ100|      |L1LS1004|L1LS1004|02.01.1995|    26|L1LS1004|L1LS1004|02.01.1995|
|AUFTRAGSBEZ|KARLSRUHE| F122|  Stück|   1|    10|      |1BE100_4|PROJ100|      |L1LS1004|L1LS1004|02.01.1995|    10|L1LS1004|L1LS1004|02.01.1995|
--- nach return vor storno ---
|artikel|lgruppe|platz|gebeinh|gebf|gebmge|charge|verw|projekt|lffert|lj|orig|verfdat|bewmge|bewlj|beworig|bewdat|
--- nach storno.return ---
|artikel    |lgruppe  |platz|gebeinh|gebf|gebmge|charge|verw    |projekt|lffert|lj      |orig    |verfdat   |bewmge|bewlj   |beworig |bewdat    |
|AUFTRAGSBEZ|KARLSRUHE| F122|  Stück|   1|    26|      |1BE100_4|PROJ100|      |L1LS1004|L1LS1004|02.01.1995|    26|L1LS1004|L1LS1004|02.01.1995|
|AUFTRAGSBEZ|KARLSRUHE| F122|  Stück|   1|    10|      |1BE100_4|PROJ100|      |L1LS1004|L1LS1004|02.01.1995|    10|L1LS1004|L1LS1004|02.01.1995|
