prozessquelle siehe: std/test/cucumber/ekvkservice/ruecklieferung_mz.feature, od. suche ggf. nach dem ref-dateinamen in cucu-skripten
--- alle LJ zu return L1LS1003R (zur Sortierung s. Feldliste und MawiSteps.java)
|zn|budat   |artikel    |platz|lgruppe  |buart|ursache     |detursache           |mge |me|leme|rueckmge|rueckgmge|mpr   |verw    |fert       |projekt|vorgang|bsres|gmge|lj|ekumlag|rueckorig|storniert|stornolj|1:vcharge|1:ncharge|1:mge|1:lj|1:verfdat|1:bewlj|1:bewmge|1:bewdat|1:orig|1:beworig|ozeilen|vorgang^such|ebeleg|
| 0|02.01.95|AUFTRAGSBEZ|  F12|KARLSRUHE|    2|Lieferschein|Rücklieferung Verkauf|-2.5|kg| 0.5|    -2.5|       -5|1.4923|1AU100_3|AUFTRAGSBEZ|PROJ100|    V *|  E *|  -5|  |   nein| L1LS1003|     nein|        |         |         |    0|    |         |       |       0|        |      |         |      0|            |      |
| 0|02.01.95|AUFTRAGSBEZ|  F12|KARLSRUHE|    2|Lieferschein|Rücklieferung Verkauf|-2.5|kg| 0.5|    -2.5|       -5|1.4923|1AU100_3|AUFTRAGSBEZ|PROJ100|    V *|  E *|  -5|  |   nein| L1LS1003|     nein|        |         |         |    0|    |         |       |       0|        |      |         |      0|            |      |
| 0|02.01.95|AUFTRAGSBEZ|  F12|KARLSRUHE|    2|Lieferschein|Rücklieferung Verkauf|-2.5|kg| 0.5|    -2.5|       -5|1.4923|1AU100_3|AUFTRAGSBEZ|PROJ100|    V *|  E *|  -5|  |   nein| L1LS1003|     nein|        |         |         |    0|    |         |       |       0|        |      |         |      0|            |      |
| 0|02.01.95|AUFTRAGSBEZ|  F12|KARLSRUHE|    2|Lieferschein|Rücklieferung Verkauf|-2.5|kg| 0.5|    -2.5|       -5|1.4923|1AU100_3|AUFTRAGSBEZ|PROJ100|    V *|  E *|  -5|  |   nein| L1LS1003|     nein|        |         |         |    0|    |         |       |       0|        |      |         |      0|            |      |
| 0|02.01.95|AUFTRAGSBEZ|  F12|KARLSRUHE|    2|Lieferschein|Rücklieferung Verkauf|-2.5|kg| 0.5|    -2.5|       -5|1.4923|1AU100_3|AUFTRAGSBEZ|PROJ100|    V *|  E *|  -5|  |   nein| L1LS1003|     nein|        |         |         |    0|    |         |       |       0|        |      |         |      0|            |      |
| 0|02.01.95|AUFTRAGSBEZ|  F12|KARLSRUHE|    2|Lieferschein|Rücklieferung Verkauf|-2.5|kg| 0.5|    -2.5|       -5|1.4923|1AU100_3|AUFTRAGSBEZ|PROJ100|    V *|  E *|  -5|  |   nein| L1LS1003|     nein|        |         |         |    0|    |         |       |       0|        |      |         |      0|            |      |
--- alle LJ zu storno.return L1LS1003S (zur Sortierung s. Feldliste und MawiSteps.java)
|zn|budat   |artikel    |platz|lgruppe  |buart|ursache     |detursache                  |mge|me|leme|rueckmge|rueckgmge|mpr   |verw    |fert       |projekt|vorgang|bsres|gmge|lj|ekumlag|rueckorig|storniert|stornolj |1:vcharge|1:ncharge|1:mge|1:lj|1:verfdat|1:bewlj|1:bewmge|1:bewdat|1:orig|1:beworig|ozeilen|vorgang^such|ebeleg|
| 0|02.01.95|AUFTRAGSBEZ|  F12|KARLSRUHE|    2|Lieferschein|Storno-Rücklieferung Verkauf|2.5|kg| 0.5|     2.5|        5|1.4923|1AU100_3|AUFTRAGSBEZ|PROJ100|    V *|  E *|   5|  |   nein|         |     nein|L1LS1003R|         |         |    0|    |         |       |       0|        |      |         |      0|            |      |
| 0|02.01.95|AUFTRAGSBEZ|  F12|KARLSRUHE|    2|Lieferschein|Storno-Rücklieferung Verkauf|2.5|kg| 0.5|     2.5|        5|1.4923|1AU100_3|AUFTRAGSBEZ|PROJ100|    V *|  E *|   5|  |   nein|         |     nein|L1LS1003R|         |         |    0|    |         |       |       0|        |      |         |      0|            |      |
| 0|02.01.95|AUFTRAGSBEZ|  F12|KARLSRUHE|    2|Lieferschein|Storno-Rücklieferung Verkauf|2.5|kg| 0.5|     2.5|        5|1.4923|1AU100_3|AUFTRAGSBEZ|PROJ100|    V *|  E *|   5|  |   nein|         |     nein|L1LS1003R|         |         |    0|    |         |       |       0|        |      |         |      0|            |      |
| 0|02.01.95|AUFTRAGSBEZ|  F12|KARLSRUHE|    2|Lieferschein|Storno-Rücklieferung Verkauf|2.5|kg| 0.5|     2.5|        5|1.4923|1AU100_3|AUFTRAGSBEZ|PROJ100|    V *|  E *|   5|  |   nein|         |     nein|L1LS1003R|         |         |    0|    |         |       |       0|        |      |         |      0|            |      |
| 0|02.01.95|AUFTRAGSBEZ|  F12|KARLSRUHE|    2|Lieferschein|Storno-Rücklieferung Verkauf|2.5|kg| 0.5|     2.5|        5|1.4923|1AU100_3|AUFTRAGSBEZ|PROJ100|    V *|  E *|   5|  |   nein|         |     nein|L1LS1003R|         |         |    0|    |         |       |       0|        |      |         |      0|            |      |
| 0|02.01.95|AUFTRAGSBEZ|  F12|KARLSRUHE|    2|Lieferschein|Storno-Rücklieferung Verkauf|2.5|kg| 0.5|     2.5|        5|1.4923|1AU100_3|AUFTRAGSBEZ|PROJ100|    V *|  E *|   5|  |   nein|         |     nein|L1LS1003R|         |         |    0|    |         |       |       0|        |      |         |      0|            |      |
