
--- es muessen ca. 1-5 zeilen folgen --- die LJ ohne zeilen --- test indiv. step ohne zeilenausgabe zu CHRUECKBAU_001
--- genaue Zeilenangaben sind sinnlos, die gehen immer kaputt
|budat   |artikel    |platz|lgruppe  |buart|ursache  |detursache           |mge|me   |leme|rueckmge|rueckgmge|mpr   |verw|fert       |projekt|vorgang |bsres|gmge|lj|ekumlag|rueckorig|storniert|stornolj|ozeilen|vorgang^such  |ebeleg|
|03.02.95|B_BAUGRUPPE|   F1|KARLSRUHE|    1|Fertigung|Rückmeldung Fertigung|  5|Stück|   1|       0|        0|0.0000|    |B_BAUGRUPPE|       |+1003001|  E *|   5|  |   nein|         |     nein|        |      0|CHRUECKBAU_001|      |
--- es muessen ca. 15-25 zeilen folgen --- die LJ mit zeilen --- test indiv. step MIT zeilenausgabe zu CHRUECKBAU_001
--- genaue Zeilenangaben sind sinnlos, die gehen immer kaputt
|zn|budat   |artikel    |platz|lgruppe  |buart|ursache  |detursache           |mge|me   |leme|rueckmge|rueckgmge|mpr    |verw|fert       |projekt|vorgang |bsres|gmge|lj|ekumlag|rueckorig|storniert|stornolj|1:vcharge|1:ncharge|1:mge|1:lj|1:verfdat |1:bewlj|1:bewmge|1:bewdat  |1:orig|1:beworig|ozeilen|vorgang^such  |ebeleg|
| 1|03.02.95|B_EINKAUF-2|   F1|KARLSRUHE|    2|Fertigung|Rückmeldung Fertigung| 10|Stück|   1|      10|       10|11.7350|    |B_BAUGRUPPE|       |+1003001|  E *|  10|  |   nein|         |     nein|        |         |        3|    0|    |          |       |       0|          |      |         |      1|CHRUECKBAU_001|      |
| 1|03.02.95|B_EINKAUF-2|   F1|KARLSRUHE|    2|Fertigung|Rückmeldung Fertigung| 25|Stück|   1|      25|       25|11.7350|    |B_BAUGRUPPE|       |+1003001|  E *|  25|  |   nein|         |     nein|        |         |        4|    0|    |          |       |       0|          |      |         |      1|CHRUECKBAU_001|      |
| 1|03.02.95|B_EINKAUF-2|   F1|KARLSRUHE|    2|Fertigung|Rückmeldung Fertigung|  5|Stück|   1|       0|        0|11.7350|    |B_BAUGRUPPE|       |+1003001|  E *|   5|  |   nein|         |     nein|        |         |         |    5|  L2|03.02.1995|     L2|       5|03.02.1995|    L2|       L2|      1|CHRUECKBAU_001|      |
| 1|03.02.95|B_EINKAUF-1|   F1|KARLSRUHE|    2|Fertigung|Rückmeldung Fertigung| 20|Stück|   1|      20|       20| 8.8012|    |B_BAUGRUPPE|       |+1003001|  E *|  20|  |   nein|         |     nein|        |        1|        3|    0|    |          |       |       0|          |      |         |      1|CHRUECKBAU_001|      |
| 1|03.02.95|B_EINKAUF-1|   F1|KARLSRUHE|    2|Fertigung|Rückmeldung Fertigung| 40|Stück|   1|      40|       40| 8.8012|    |B_BAUGRUPPE|       |+1003001|  E *|  40|  |   nein|         |     nein|        |        1|        4|    0|    |          |       |       0|          |      |         |      1|CHRUECKBAU_001|      |
| 1|03.02.95|B_EINKAUF-1|   F1|KARLSRUHE|    2|Fertigung|Rückmeldung Fertigung| 10|Stück|   1|      10|       10| 8.8012|    |B_BAUGRUPPE|       |+1003001|  E *|  10|  |   nein|         |     nein|        |        2|        4|    0|    |          |       |       0|          |      |         |      1|CHRUECKBAU_001|      |
| 1|03.02.95|B_EINKAUF-1|   F1|KARLSRUHE|    2|Fertigung|Rückmeldung Fertigung| 10|Stück|   1|       0|        0| 8.8012|    |B_BAUGRUPPE|       |+1003001|  E *|  10|  |   nein|         |     nein|        |        2|         |   10|    |          |       |       0|          |      |         |      2|CHRUECKBAU_001|      |
| 2|03.02.95|B_EINKAUF-1|   F1|KARLSRUHE|    2|Fertigung|Rückmeldung Fertigung| 10|Stück|   1|       0|        0| 8.8012|    |B_BAUGRUPPE|       |+1003001|  E *|  10|  |   nein|         |     nein|        |         |         |   10|  L2|03.02.1995|     L2|      10|03.02.1995|    L2|       L2|      2|CHRUECKBAU_001|      |
| 1|03.02.95|B_BAUGRUPPE|   F1|KARLSRUHE|    1|Fertigung|Rückmeldung Fertigung| 10|Stück|   1|      10|       10| 0.0000|    |B_BAUGRUPPE|       |+1003001|  E *|  10|  |   nein|         |     nein|        |         |        3|    0|    |          |       |       0|          |      |         |      1|CHRUECKBAU_001|      |
| 1|03.02.95|B_BAUGRUPPE|   F1|KARLSRUHE|    1|Fertigung|Rückmeldung Fertigung| 25|Stück|   1|      25|       25| 0.0000|    |B_BAUGRUPPE|       |+1003001|  E *|  25|  |   nein|         |     nein|        |         |        4|    0|    |          |       |       0|          |      |         |      1|CHRUECKBAU_001|      |
| 1|03.02.95|B_EINKAUF-2|   F1|KARLSRUHE|    2|Fertigung|    Rückbau Fertigung|-10|Stück|   1|     -10|      -10|11.7350|    |B_BAUGRUPPE|       |+1003001|  E *| -10|  |   nein| L1003001|     nein|        |         |        3|    0|    |          |       |       0|          |      |         |      1|CHRUECKBAU_001|      |
| 1|03.02.95|B_EINKAUF-1|   F1|KARLSRUHE|    2|Fertigung|    Rückbau Fertigung|-20|Stück|   1|     -20|      -20| 8.8012|    |B_BAUGRUPPE|       |+1003001|  E *| -20|  |   nein| L1003001|     nein|        |        1|        3|    0|    |          |       |       0|          |      |         |      1|CHRUECKBAU_001|      |
| 1|03.02.95|B_BAUGRUPPE|   F1|KARLSRUHE|    1|Fertigung|    Rückbau Fertigung|-10|Stück|   1|     -10|      -10| 0.0000|    |B_BAUGRUPPE|       |+1003001|  E *| -10|  |   nein| L1003001|     nein|        |         |        3|    0|    |          |       |       0|          |      |         |      1|CHRUECKBAU_001|      |
| 1|03.02.95|B_EINKAUF-2|   F1|KARLSRUHE|    2|Fertigung|    Rückbau Fertigung|-25|Stück|   1|     -25|      -25|11.7350|    |B_BAUGRUPPE|       |+1003001|  E *| -25|  |   nein| L1003001|     nein|        |         |        4|    0|    |          |       |       0|          |      |         |      1|CHRUECKBAU_001|      |
| 1|03.02.95|B_EINKAUF-1|   F1|KARLSRUHE|    2|Fertigung|    Rückbau Fertigung|-10|Stück|   1|     -10|      -10| 8.8012|    |B_BAUGRUPPE|       |+1003001|  E *| -10|  |   nein| L1003001|     nein|        |        2|        4|    0|    |          |       |       0|          |      |         |      1|CHRUECKBAU_001|      |
| 1|03.02.95|B_EINKAUF-1|   F1|KARLSRUHE|    2|Fertigung|    Rückbau Fertigung|-40|Stück|   1|     -40|      -40| 8.8012|    |B_BAUGRUPPE|       |+1003001|  E *| -40|  |   nein| L1003001|     nein|        |        1|        4|    0|    |          |       |       0|          |      |         |      1|CHRUECKBAU_001|      |
| 1|03.02.95|B_BAUGRUPPE|   F1|KARLSRUHE|    1|Fertigung|    Rückbau Fertigung|-25|Stück|   1|     -25|      -25| 0.0000|    |B_BAUGRUPPE|       |+1003001|  E *| -25|  |   nein| L1003001|     nein|        |         |        4|    0|    |          |       |       0|          |      |         |      1|CHRUECKBAU_001|      |
