prozess in std/test/cucumber/ekvkservice/ruecklieferung_mz.feature
Scenario: Ruecklieferung VK-Lieferschein mit Verwendung und Projekt, ohne MZs, unterschiedliche Einheiten
--- platzmengen vor return ---
|artikel|lgruppe|platz|gebeinh|gebf|gebmge|charge|verw|projekt|lffert|lj|orig|verfdat|bewmge|bewlj|beworig|bewdat|
--- nach return vor storno ---
|artikel    |lgruppe  |platz|gebeinh|gebf|gebmge|charge|verw    |projekt|lffert|lj       |orig     |verfdat   |bewmge|bewlj    |beworig  |bewdat    |
|AUFTRAGSBEZ|KARLSRUHE|  F17|  Stück|   1|   2.5|      |        |       |      |L1AU100_8|L1AU100_8|02.01.1995|   2.5|L1AU100_8|L1AU100_8|02.01.1995|
|AUFTRAGSBEZ|KARLSRUHE|  F17|  Stück|   1|   2.5|      |  1AU100|       |      |L1AU100_8|L1AU100_8|02.01.1995|   2.5|L1AU100_8|L1AU100_8|02.01.1995|
|AUFTRAGSBEZ|KARLSRUHE|  F17|  Stück|   1|   2.5|      |1AU100_8|       |      |L1AU100_8|L1AU100_8|02.01.1995|   2.5|L1AU100_8|L1AU100_8|02.01.1995|
|AUFTRAGSBEZ|KARLSRUHE|  F17|  Stück|   1|   2.5|      |        |PROJ100|      |L1AU100_8|L1AU100_8|02.01.1995|   2.5|L1AU100_8|L1AU100_8|02.01.1995|
|AUFTRAGSBEZ|KARLSRUHE|  F17|  Stück|   1|   2.5|      |  1AU100|PROJ100|      |L1AU100_8|L1AU100_8|02.01.1995|   2.5|L1AU100_8|L1AU100_8|02.01.1995|
|AUFTRAGSBEZ|KARLSRUHE|  F17|  Stück|   1|   2.5|      |1AU100_8|PROJ100|      |L1AU100_8|L1AU100_8|02.01.1995|   2.5|L1AU100_8|L1AU100_8|02.01.1995|
--- nach storno.return ---
|artikel|lgruppe|platz|gebeinh|gebf|gebmge|charge|verw|projekt|lffert|lj|orig|verfdat|bewmge|bewlj|beworig|bewdat|
