prozessquelle siehe: std/test/cucumber/ekvkservice/ruecklieferung_mz.feature, od. suche ggf. nach dem ref-dateinamen in cucu-skripten
--- alle LJ zu return L1LS1051R (zur Sortierung s. Feldliste und MawiSteps.java)
|zn|budat   |artikel    |platz|lgruppe  |buart|ursache     |detursache           |mge|me   |leme|rueckmge|rueckgmge|mpr   |verw    |fert       |projekt|vorgang|bsres|gmge|lj|ekumlag|rueckorig|storniert|stornolj|1:vcharge|1:ncharge|1:mge|1:lj|1:verfdat|1:bewlj|1:bewmge|1:bewdat|1:orig|1:beworig|ozeilen|vorgang^such|ebeleg  |
| 0|02.01.95|ARTMITBEIST|   F1|KARLSRUHE|    1|Lieferschein|Rücklieferung Einkauf|-10|Stück|   1|     -10|      -10|0.0000|1BE111_1|ARTMITBEIST|PROJ100|    E *|  E *| -10|  |   nein| L1LS1051|     nein|        |         |         |    0|    |         |       |       0|        |      |         |      0|            |1LS1051R|
| 0|02.01.95|     BEIST1| F313|KARLSRUHE|    2|Lieferschein|Rücklieferung Einkauf| -5|Stück|   1|      -5|       -5|1.0000|1BE111_1|ARTMITBEIST|PROJ100|    E *|  E *|  -5|  |   nein| L1LS1051|     nein|        |         |         |    0|    |         |       |       0|        |      |         |      0|            |1LS1051R|
| 0|02.01.95|     BEIST2| F314|KARLSRUHE|    2|Lieferschein|Rücklieferung Einkauf| -1|Stück|   1|      -1|       -1|2.0000|1BE111_1|ARTMITBEIST|PROJ100|    E *|  E *|  -1|  |   nein| L1LS1051|     nein|        |         |         |    0|    |         |       |       0|        |      |         |      0|            |1LS1051R|
| 0|02.01.95|     BEIST3| F315|KARLSRUHE|    2|Lieferschein|Rücklieferung Einkauf| -1|Stück|   1|      -1|       -1|3.0000|1BE111_1|ARTMITBEIST|PROJ100|    E *|  E *|  -1|  |   nein| L1LS1051|     nein|        |         |         |    0|    |         |       |       0|        |      |         |      0|            |1LS1051R|
| 0|02.01.95|     BEIST1| F313|KARLSRUHE|    2|Lieferschein|Rücklieferung Einkauf|-10|Stück|   1|     -10|      -10|1.0000|1BE111_1|ARTMITBEIST|PROJ100|    E *|  E *| -10|  |   nein| L1LS1051|     nein|        |         |         |    0|    |         |       |       0|        |      |         |      0|            |1LS1051R|
| 0|02.01.95|     BEIST2| F314|KARLSRUHE|    2|Lieferschein|Rücklieferung Einkauf| -3|Stück|   1|      -3|       -3|2.0000|1BE111_1|ARTMITBEIST|PROJ100|    E *|  E *|  -3|  |   nein| L1LS1051|     nein|        |         |         |    0|    |         |       |       0|        |      |         |      0|            |1LS1051R|
| 0|02.01.95|     BEIST3| F315|KARLSRUHE|    2|Lieferschein|Rücklieferung Einkauf| -2|Stück|   1|      -2|       -2|3.0000|1BE111_1|ARTMITBEIST|PROJ100|    E *|  E *|  -2|  |   nein| L1LS1051|     nein|        |         |         |    0|    |         |       |       0|        |      |         |      0|            |1LS1051R|
| 0|02.01.95|     BEIST1| F313|KARLSRUHE|    2|Lieferschein|Rücklieferung Einkauf|-25|Stück|   1|     -25|      -25|1.0000|1BE111_1|ARTMITBEIST|PROJ100|    E *|  E *| -25|  |   nein| L1LS1051|     nein|        |         |         |    0|    |         |       |       0|        |      |         |      0|            |1LS1051R|
| 0|02.01.95|     BEIST2| F314|KARLSRUHE|    2|Lieferschein|Rücklieferung Einkauf| -6|Stück|   1|      -6|       -6|2.0000|1BE111_1|ARTMITBEIST|PROJ100|    E *|  E *|  -6|  |   nein| L1LS1051|     nein|        |         |         |    0|    |         |       |       0|        |      |         |      0|            |1LS1051R|
| 0|02.01.95|     BEIST3| F315|KARLSRUHE|    2|Lieferschein|Rücklieferung Einkauf| -2|Stück|   1|      -2|       -2|3.0000|1BE111_1|ARTMITBEIST|PROJ100|    E *|  E *|  -2|  |   nein| L1LS1051|     nein|        |         |         |    0|    |         |       |       0|        |      |         |      0|            |1LS1051R|
--- alle LJ zu storno.return L1LS1051S (zur Sortierung s. Feldliste und MawiSteps.java)
|zn|budat   |artikel    |platz|lgruppe  |buart|ursache     |detursache                  |mge|me   |leme|rueckmge|rueckgmge|mpr   |verw    |fert       |projekt|vorgang|bsres|gmge|lj|ekumlag|rueckorig|storniert|stornolj |1:vcharge|1:ncharge|1:mge|1:lj|1:verfdat|1:bewlj|1:bewmge|1:bewdat|1:orig|1:beworig|ozeilen|vorgang^such|ebeleg  |
| 0|02.01.95|ARTMITBEIST|   F1|KARLSRUHE|    1|Lieferschein|Storno-Rücklieferung Einkauf| 10|Stück|   1|      10|       10|0.0000|1BE111_1|ARTMITBEIST|PROJ100|    E *|  E *|  10|  |   nein|         |     nein|L1LS1051R|         |         |    0|    |         |       |       0|        |      |         |      0|            |1LS1051R|
| 0|02.01.95|     BEIST1| F313|KARLSRUHE|    2|Lieferschein|Storno-Rücklieferung Einkauf|  5|Stück|   1|       5|        5|1.0000|1BE111_1|ARTMITBEIST|PROJ100|    E *|  E *|   5|  |   nein|         |     nein|L1LS1051R|         |         |    0|    |         |       |       0|        |      |         |      0|            |1LS1051R|
| 0|02.01.95|     BEIST1| F313|KARLSRUHE|    2|Lieferschein|Storno-Rücklieferung Einkauf| 10|Stück|   1|      10|       10|1.0000|1BE111_1|ARTMITBEIST|PROJ100|    E *|  E *|  10|  |   nein|         |     nein|L1LS1051R|         |         |    0|    |         |       |       0|        |      |         |      0|            |1LS1051R|
| 0|02.01.95|     BEIST1| F313|KARLSRUHE|    2|Lieferschein|Storno-Rücklieferung Einkauf| 25|Stück|   1|      25|       25|1.0000|1BE111_1|ARTMITBEIST|PROJ100|    E *|  E *|  25|  |   nein|         |     nein|L1LS1051R|         |         |    0|    |         |       |       0|        |      |         |      0|            |1LS1051R|
| 0|02.01.95|     BEIST2| F314|KARLSRUHE|    2|Lieferschein|Storno-Rücklieferung Einkauf|  1|Stück|   1|       1|        1|2.0000|1BE111_1|ARTMITBEIST|PROJ100|    E *|  E *|   1|  |   nein|         |     nein|L1LS1051R|         |         |    0|    |         |       |       0|        |      |         |      0|            |1LS1051R|
| 0|02.01.95|     BEIST2| F314|KARLSRUHE|    2|Lieferschein|Storno-Rücklieferung Einkauf|  3|Stück|   1|       3|        3|2.0000|1BE111_1|ARTMITBEIST|PROJ100|    E *|  E *|   3|  |   nein|         |     nein|L1LS1051R|         |         |    0|    |         |       |       0|        |      |         |      0|            |1LS1051R|
| 0|02.01.95|     BEIST2| F314|KARLSRUHE|    2|Lieferschein|Storno-Rücklieferung Einkauf|  6|Stück|   1|       6|        6|2.0000|1BE111_1|ARTMITBEIST|PROJ100|    E *|  E *|   6|  |   nein|         |     nein|L1LS1051R|         |         |    0|    |         |       |       0|        |      |         |      0|            |1LS1051R|
| 0|02.01.95|     BEIST3| F315|KARLSRUHE|    2|Lieferschein|Storno-Rücklieferung Einkauf|  1|Stück|   1|       1|        1|3.0000|1BE111_1|ARTMITBEIST|PROJ100|    E *|  E *|   1|  |   nein|         |     nein|L1LS1051R|         |         |    0|    |         |       |       0|        |      |         |      0|            |1LS1051R|
| 0|02.01.95|     BEIST3| F315|KARLSRUHE|    2|Lieferschein|Storno-Rücklieferung Einkauf|  2|Stück|   1|       2|        2|3.0000|1BE111_1|ARTMITBEIST|PROJ100|    E *|  E *|   2|  |   nein|         |     nein|L1LS1051R|         |         |    0|    |         |       |       0|        |      |         |      0|            |1LS1051R|
| 0|02.01.95|     BEIST3| F315|KARLSRUHE|    2|Lieferschein|Storno-Rücklieferung Einkauf|  2|Stück|   1|       2|        2|3.0000|1BE111_1|ARTMITBEIST|PROJ100|    E *|  E *|   2|  |   nein|         |     nein|L1LS1051R|         |         |    0|    |         |       |       0|        |      |         |      0|            |1LS1051R|
