alle LJ zu JOKER_001 (zur Sortierung s. Feldliste und MawiSteps.java)
|zn|budat   |artikel  |platz|lgruppe  |buart|ursache  |detursache              |mge|me   |leme|rueckmge|rueckgmge|mpr    |verw    |fert     |projekt|vorgang |bsres|gmge|lj|ekumlag|rueckorig|storniert|stornolj|1:vcharge|1:ncharge|1:mge|1:lj|1:verfdat |1:bewlj|1:bewmge|1:bewdat  |1:orig|1:beworig|ozeilen|vorgang^such|ebeleg|
| 1|03.02.95|EINKAUF-2|   F1|KARLSRUHE|    2|Fertigung|   Rückmeldung Fertigung| 50|Stück|   1|       0|        0|11.7350|200001_1|BAUGRUPPE|       |+1002001|  E *|  50|  |   nein|         |     nein|        |         |         |    5|  L1|03.02.1995|     L1|       5|03.02.1995|    L1|       L1|      1|   JOKER_001|      |
| 1|03.02.95|EINKAUF-1|   F1|KARLSRUHE|    2|Fertigung|   Rückmeldung Fertigung| 60|Stück|   1|       0|        0| 8.8012|200001_1|BAUGRUPPE|       |+1002001|  E *|  60|  |   nein|         |     nein|        |         |         |   10|  L1|03.02.1995|     L1|      10|03.02.1995|    L1|       L1|      1|   JOKER_001|      |
| 0|03.02.95|EINKAUF-1|   F1|KARLSRUHE|    2|Fertigung|   Rückmeldung Fertigung| 40|Stück|   1|       0|        0| 8.8012|200001_1|BAUGRUPPE|       |+1002001|  E *|  40|  |   nein|         |     nein|        |         |         |    0|    |          |       |       0|          |      |         |      0|   JOKER_001|      |
| 0|03.02.95|BAUGRUPPE|   F1|KARLSRUHE|    1|Fertigung|   Rückmeldung Fertigung| 50|Stück|   1|       0|        0| 0.0000|200001_1|BAUGRUPPE|       |+1002001|  E *|  50|  |   nein|         |     nein|        |         |         |    0|    |          |       |       0|          |      |         |      0|   JOKER_001|      |
| 0|03.02.95|EINKAUF-2|   F1|KARLSRUHE|    2|Fertigung|       Rückbau Fertigung|-45|Stück|   1|     -45|      -45|11.7350|200001_1|BAUGRUPPE|       |+1002001|  E *| -45|  |   nein| L1002001|       ja|        |         |         |    0|    |          |       |       0|          |      |         |      0|   JOKER_001|      |
| 0|03.02.95|EINKAUF-1|   F1|KARLSRUHE|    2|Fertigung|       Rückbau Fertigung|-40|Stück|   1|     -40|      -40| 8.8012|200001_1|BAUGRUPPE|       |+1002001|  E *| -40|  |   nein| L1002001|       ja|        |         |         |    0|    |          |       |       0|          |      |         |      0|   JOKER_001|      |
| 0|03.02.95|EINKAUF-1|   F1|KARLSRUHE|    2|Fertigung|       Rückbau Fertigung|-50|Stück|   1|     -50|      -50| 8.8012|200001_1|BAUGRUPPE|       |+1002001|  E *| -50|  |   nein| L1002001|       ja|        |         |         |    0|    |          |       |       0|          |      |         |      0|   JOKER_001|      |
| 0|03.02.95|BAUGRUPPE|   F1|KARLSRUHE|    1|Fertigung|       Rückbau Fertigung|-45|Stück|   1|     -45|      -45| 0.0000|200001_1|BAUGRUPPE|       |+1002001|  E *| -45|  |   nein| L1002001|       ja|        |         |         |    0|    |          |       |       0|          |      |         |      0|   JOKER_001|      |
| 1|03.02.95|EINKAUF-2|   F1|KARLSRUHE|    2|Fertigung|   Rückmeldung Fertigung| 55|Stück|   1|       0|        0|11.7350|200001_1|BAUGRUPPE|       |+1002001|  E *|  55|  |   nein|         |     nein|        |         |         |   45|  L1|03.02.1995|     L1|      45|03.02.1995|    L1|       L1|      2|   JOKER_001|      |
| 1|03.02.95|EINKAUF-1|   F1|KARLSRUHE|    2|Fertigung|   Rückmeldung Fertigung| 60|Stück|   1|       0|        0| 8.8012|200001_1|BAUGRUPPE|       |+1002001|  E *|  60|  |   nein|         |     nein|        |         |         |   40|  L1|03.02.1995|     L1|      40|03.02.1995|    L1|       L1|      2|   JOKER_001|      |
| 1|03.02.95|EINKAUF-1|   F1|KARLSRUHE|    2|Fertigung|   Rückmeldung Fertigung| 50|Stück|   1|       0|        0| 8.8012|200001_1|BAUGRUPPE|       |+1002001|  E *|  50|  |   nein|         |     nein|        |         |         |   50|  L1|03.02.1995|     L1|      50|03.02.1995|    L1|       L1|      1|   JOKER_001|      |
| 0|03.02.95|BAUGRUPPE|   F1|KARLSRUHE|    1|Fertigung|   Rückmeldung Fertigung| 55|Stück|   1|       0|        0| 0.0000|200001_1|BAUGRUPPE|       |+1002001|  E *|  55|  |   nein|         |     nein|        |         |         |    0|    |          |       |       0|          |      |         |      0|   JOKER_001|      |
| 0|03.02.95|EINKAUF-2|   F1|KARLSRUHE|    2|Fertigung|Storno-Rückbau Fertigung| 45|Stück|   1|      45|       45|11.7350|200001_1|BAUGRUPPE|       |+1002001|  E *|  45|  |   nein|         |     nein|L1002001|         |         |    0|    |          |       |       0|          |      |         |      0|   JOKER_001|      |
| 0|03.02.95|EINKAUF-1|   F1|KARLSRUHE|    2|Fertigung|Storno-Rückbau Fertigung| 50|Stück|   1|      50|       50| 8.8012|200001_1|BAUGRUPPE|       |+1002001|  E *|  50|  |   nein|         |     nein|L1002001|         |         |    0|    |          |       |       0|          |      |         |      0|   JOKER_001|      |
| 0|03.02.95|EINKAUF-1|   F1|KARLSRUHE|    2|Fertigung|Storno-Rückbau Fertigung| 40|Stück|   1|      40|       40| 8.8012|200001_1|BAUGRUPPE|       |+1002001|  E *|  40|  |   nein|         |     nein|L1002001|         |         |    0|    |          |       |       0|          |      |         |      0|   JOKER_001|      |
| 0|03.02.95|BAUGRUPPE|   F1|KARLSRUHE|    1|Fertigung|Storno-Rückbau Fertigung| 45|Stück|   1|      45|       45| 0.0000|200001_1|BAUGRUPPE|       |+1002001|  E *|  45|  |   nein|         |     nein|L1002001|         |         |    0|    |          |       |       0|          |      |         |      0|   JOKER_001|      |
alle LJ zu STORNRB_001 (zur Sortierung s. Feldliste und MawiSteps.java)
|zn|budat   |artikel  |platz|lgruppe  |buart|ursache  |detursache              |mge|me   |leme|rueckmge|rueckgmge|mpr   |verw|fert          |projekt|vorgang |bsres|gmge|lj|ekumlag|rueckorig|storniert|stornolj|1:vcharge|1:ncharge|1:mge|1:lj  |1:verfdat |1:bewlj|1:bewmge|1:bewdat  |1:orig|1:beworig|ozeilen|vorgang^such|ebeleg|
| 1|28.02.95|EINKAUF-1|   F1|KARLSRUHE|    2|Fertigung|   Rückmeldung Fertigung|200|Stück|   1|       0|        0|4.5000|    |BG3-LOHNGRUPPE|       |+1001001|  E *| 200|  |   nein|         |     nein|        |         |         |  200|LSTORB|28.02.1995| LSTORB|     200|28.02.1995|LSTORB|   LSTORB|      1| STORNRB_001|      |
| 0|28.02.95|EINKAUF-1|   F1|KARLSRUHE|    2|Fertigung|       Rückbau Fertigung|-40|Stück|   1|     -40|      -40|4.5000|    |BG3-LOHNGRUPPE|       |+1001001|  E *| -40|  |   nein| L1001001|       ja|        |         |         |    0|      |          |       |       0|          |      |         |      0| STORNRB_001|      |
| 0|28.02.95|EINKAUF-1|   F1|KARLSRUHE|    2|Fertigung|Storno-Rückbau Fertigung| 40|Stück|   1|      40|       40|4.5000|    |BG3-LOHNGRUPPE|       |+1001001|  E *|  40|  |   nein|         |     nein|L1001001|         |         |    0|      |          |       |       0|          |      |         |      0| STORNRB_001|      |
alle LJ zu CHRUECKBAU_001 (zur Sortierung s. Feldliste und MawiSteps.java)
|zn|budat   |artikel    |platz|lgruppe  |buart|ursache  |detursache           |mge|me   |leme|rueckmge|rueckgmge|mpr    |verw|fert       |projekt|vorgang |bsres|gmge|lj|ekumlag|rueckorig|storniert|stornolj|1:vcharge|1:ncharge|1:mge|1:lj       |1:verfdat |1:bewlj    |1:bewmge|1:bewdat  |1:orig     |1:beworig  |ozeilen|vorgang^such  |ebeleg|
| 1|03.02.95|B_EINKAUF-2|   F1|KARLSRUHE|    2|Fertigung|Rückmeldung Fertigung| 10|Stück|   1|      10|       10|11.7350|    |B_BAUGRUPPE|       |+1003001|  E *|  10|  |   nein|         |     nein|        |         |        3|    0|           |          |           |       0|          |           |           |      1|CHRUECKBAU_001|      |
| 1|03.02.95|B_EINKAUF-2|   F1|KARLSRUHE|    2|Fertigung|Rückmeldung Fertigung| 25|Stück|   1|      25|       25|11.7350|    |B_BAUGRUPPE|       |+1003001|  E *|  25|  |   nein|         |     nein|        |         |        4|    0|           |          |           |       0|          |           |           |      1|CHRUECKBAU_001|      |
| 1|03.02.95|B_EINKAUF-2|   F1|KARLSRUHE|    2|Fertigung|Rückmeldung Fertigung|  5|Stück|   1|       0|        0|11.7350|    |B_BAUGRUPPE|       |+1003001|  E *|   5|  |   nein|         |     nein|        |         |         |    5|         L2|03.02.1995|         L2|       5|03.02.1995|         L2|         L2|      1|CHRUECKBAU_001|      |
| 1|03.02.95|B_EINKAUF-1|   F1|KARLSRUHE|    2|Fertigung|Rückmeldung Fertigung| 20|Stück|   1|      20|       20| 8.8012|    |B_BAUGRUPPE|       |+1003001|  E *|  20|  |   nein|         |     nein|        |        1|        3|    0|           |          |           |       0|          |           |           |      1|CHRUECKBAU_001|      |
| 1|03.02.95|B_EINKAUF-1|   F1|KARLSRUHE|    2|Fertigung|Rückmeldung Fertigung| 40|Stück|   1|      40|       40| 8.8012|    |B_BAUGRUPPE|       |+1003001|  E *|  40|  |   nein|         |     nein|        |        1|        4|    0|           |          |           |       0|          |           |           |      1|CHRUECKBAU_001|      |
| 1|03.02.95|B_EINKAUF-1|   F1|KARLSRUHE|    2|Fertigung|Rückmeldung Fertigung| 10|Stück|   1|      10|       10| 8.8012|    |B_BAUGRUPPE|       |+1003001|  E *|  10|  |   nein|         |     nein|        |        2|        4|    0|           |          |           |       0|          |           |           |      1|CHRUECKBAU_001|      |
| 1|03.02.95|B_EINKAUF-1|   F1|KARLSRUHE|    2|Fertigung|Rückmeldung Fertigung| 10|Stück|   1|       0|        0| 8.8012|    |B_BAUGRUPPE|       |+1003001|  E *|  10|  |   nein|         |     nein|        |        2|         |   10|           |          |           |       0|          |           |           |      2|CHRUECKBAU_001|      |
| 1|03.02.95|B_BAUGRUPPE|   F1|KARLSRUHE|    1|Fertigung|Rückmeldung Fertigung| 10|Stück|   1|      10|       10| 0.0000|    |B_BAUGRUPPE|       |+1003001|  E *|  10|  |   nein|         |     nein|        |         |        3|    0|           |          |           |       0|          |           |           |      1|CHRUECKBAU_001|      |
| 1|03.02.95|B_BAUGRUPPE|   F1|KARLSRUHE|    1|Fertigung|Rückmeldung Fertigung| 25|Stück|   1|      25|       25| 0.0000|    |B_BAUGRUPPE|       |+1003001|  E *|  25|  |   nein|         |     nein|        |         |        4|    0|           |          |           |       0|          |           |           |      1|CHRUECKBAU_001|      |
| 0|03.02.95|B_BAUGRUPPE|   F1|KARLSRUHE|    1|Fertigung|Rückmeldung Fertigung|  5|Stück|   1|       0|        0| 0.0000|    |B_BAUGRUPPE|       |+1003001|  E *|   5|  |   nein|         |     nein|        |         |         |    0|           |          |           |       0|          |           |           |      0|CHRUECKBAU_001|      |
| 1|03.02.95|B_EINKAUF-2|   F1|KARLSRUHE|    2|Fertigung|    Rückbau Fertigung|-10|Stück|   1|     -10|      -10|11.7350|    |B_BAUGRUPPE|       |+1003001|  E *| -10|  |   nein| L1003001|     nein|        |         |        3|    0|           |          |           |       0|          |           |           |      1|CHRUECKBAU_001|      |
| 1|03.02.95|B_EINKAUF-1|   F1|KARLSRUHE|    2|Fertigung|    Rückbau Fertigung|-20|Stück|   1|     -20|      -20| 8.8012|    |B_BAUGRUPPE|       |+1003001|  E *| -20|  |   nein| L1003001|     nein|        |        1|        3|    0|           |          |           |       0|          |           |           |      1|CHRUECKBAU_001|      |
| 1|03.02.95|B_BAUGRUPPE|   F1|KARLSRUHE|    1|Fertigung|    Rückbau Fertigung|-10|Stück|   1|     -10|      -10| 0.0000|    |B_BAUGRUPPE|       |+1003001|  E *| -10|  |   nein| L1003001|     nein|        |         |        3|    0|           |          |           |       0|          |           |           |      1|CHRUECKBAU_001|      |
| 1|03.02.95|B_EINKAUF-2|   F1|KARLSRUHE|    2|Fertigung|    Rückbau Fertigung|-25|Stück|   1|     -25|      -25|11.7350|    |B_BAUGRUPPE|       |+1003001|  E *| -25|  |   nein| L1003001|     nein|        |         |        4|    0|           |          |           |       0|          |           |           |      1|CHRUECKBAU_001|      |
| 1|03.02.95|B_EINKAUF-1|   F1|KARLSRUHE|    2|Fertigung|    Rückbau Fertigung|-10|Stück|   1|     -10|      -10| 8.8012|    |B_BAUGRUPPE|       |+1003001|  E *| -10|  |   nein| L1003001|     nein|        |        2|        4|    0|           |          |           |       0|          |           |           |      1|CHRUECKBAU_001|      |
| 1|03.02.95|B_EINKAUF-1|   F1|KARLSRUHE|    2|Fertigung|    Rückbau Fertigung|-40|Stück|   1|     -40|      -40| 8.8012|    |B_BAUGRUPPE|       |+1003001|  E *| -40|  |   nein| L1003001|     nein|        |        1|        4|    0|           |          |           |       0|          |           |           |      1|CHRUECKBAU_001|      |
| 1|03.02.95|B_BAUGRUPPE|   F1|KARLSRUHE|    1|Fertigung|    Rückbau Fertigung|-25|Stück|   1|     -25|      -25| 0.0000|    |B_BAUGRUPPE|       |+1003001|  E *| -25|  |   nein| L1003001|     nein|        |         |        4|    0|           |          |           |       0|          |           |           |      1|CHRUECKBAU_001|      |
| 1|03.02.95|B_EINKAUF-2|   F1|KARLSRUHE|    2|Fertigung|Rückmeldung Fertigung| 45|Stück|   1|       0|        0|11.7350|    |B_BAUGRUPPE|       |+1003001|  E *|  45|  |   nein|         |     nein|        |         |         |   35|         L2|03.02.1995|         L2|      35|03.02.1995|         L2|         L2|      2|CHRUECKBAU_001|      |
| 1|03.02.95|B_EINKAUF-1|   F1|KARLSRUHE|    2|Fertigung|Rückmeldung Fertigung| 20|Stück|   1|       0|        0| 8.8012|    |B_BAUGRUPPE|       |+1003001|  E *|  20|  |   nein|         |     nein|        |        2|         |   20|           |          |           |       0|          |           |           |      3|CHRUECKBAU_001|      |
| 1|03.02.95|B_EINKAUF-1|   F1|KARLSRUHE|    2|Fertigung|Rückmeldung Fertigung| 70|Stück|   1|       0|        0| 8.8012|    |B_BAUGRUPPE|       |+1003001|  E *|  70|  |   nein|         |     nein|        |         |         |   70|LCHRUECKB01|03.02.1995|LCHRUECKB01|      70|03.02.1995|LCHRUECKB01|LCHRUECKB01|      1|CHRUECKBAU_001|      |
| 0|03.02.95|B_BAUGRUPPE|   F1|KARLSRUHE|    1|Fertigung|Rückmeldung Fertigung| 10|Stück|   1|       0|        0| 0.0000|    |B_BAUGRUPPE|       |+1003001|  E *|  10|  |   nein|         |     nein|        |         |         |    0|           |          |           |       0|          |           |           |      0|CHRUECKBAU_001|      |
| 0|03.02.95|B_BAUGRUPPE|   F1|KARLSRUHE|    1|Fertigung|Rückmeldung Fertigung| 35|Stück|   1|       0|        0| 0.0000|    |B_BAUGRUPPE|       |+1003001|  E *|  35|  |   nein|         |     nein|        |         |         |    0|           |          |           |       0|          |           |           |      0|CHRUECKBAU_001|      |
