--- in dieser ref-datei werden die absolutbestaende des artikels an 4 prozesszeitpunkten ausgegeben --- HIER KEINE SPIEGELBETRACHTUNG ---
bestand ueber die gesetzten 1000 stk. vor return/rueckbau sicherstellen:
|artikel  |lgruppe  |platz|gebeinh|gebf|gebmge|charge|verw|projekt|lffert|lj    |orig  |verfdat   |bewmge|bewlj |beworig|bewdat    |
|EINKAUF-1|KARLSRUHE|   F1|  Stück|   1|  1000|      |    |       |      |LSTORB|LSTORB|28.02.1995|  1000|LSTORB| LSTORB|28.02.1995|
----
bestand nach RM:
|artikel  |lgruppe  |platz|gebeinh|gebf|gebmge|charge|verw|projekt|lffert|lj    |orig  |verfdat   |bewmge|bewlj |beworig|bewdat    |
|EINKAUF-1|KARLSRUHE|   F1|  Stück|   1|   800|      |    |       |      |LSTORB|LSTORB|28.02.1995|   800|LSTORB| LSTORB|28.02.1995|
----
bestand nach return/rueckbau -20 gutmge:
|artikel  |lgruppe  |platz|gebeinh|gebf|gebmge|charge|verw|projekt|lffert|lj    |orig  |verfdat   |bewmge|bewlj |beworig|bewdat    |
|EINKAUF-1|KARLSRUHE|   F1|  Stück|   1|   800|      |    |       |      |LSTORB|LSTORB|28.02.1995|   800|LSTORB| LSTORB|28.02.1995|
|EINKAUF-1|KARLSRUHE|   F1|  Stück|   1|    40|      |    |       |      |LSTORB|LSTORB|28.02.1995|    40|LSTORB| LSTORB|28.02.1995|
----
bestand nach Storno return/rueckbau sicherstellen:
|artikel  |lgruppe  |platz|gebeinh|gebf|gebmge|charge|verw|projekt|lffert|lj    |orig  |verfdat   |bewmge|bewlj |beworig|bewdat    |
|EINKAUF-1|KARLSRUHE|   F1|  Stück|   1|   760|      |    |       |      |LSTORB|LSTORB|28.02.1995|   760|LSTORB| LSTORB|28.02.1995|
|EINKAUF-1|KARLSRUHE|   F1|  Stück|   1|    40|      |    |       |      |LSTORB|LSTORB|28.02.1995|    40|LSTORB| LSTORB|28.02.1995|
