prozess in std/test/cucumber/ekvkservice/ruecklieferung_mz.feature
Scenario: Ruecklieferung VK-Lieferschein mit Verwendung und Projekt, MZ-Menge < Pos-Menge
--- platzmengen vor return ---
|artikel|lgruppe|platz|gebeinh|gebf|gebmge|charge|verw|projekt|lffert|lj|orig|verfdat|bewmge|bewlj|beworig|bewdat|
--- platzmengen nach return ---|artikel    |lgruppe  |platz|gebeinh|gebf|gebmge|charge|verw    |projekt|lffert|lj       |orig     |verfdat   |bewmge|bewlj    |beworig  |bewdat    |
|AUFTRAGSBEZ|KARLSRUHE|  F12|  Stück|   1|   2.5|      |        |       |      |L1AU100_3|L1AU100_3|02.01.1995|   2.5|L1AU100_3|L1AU100_3|02.01.1995|
|AUFTRAGSBEZ|KARLSRUHE|  F12|  Stück|   1|   2.5|      |  1AU100|       |      |L1AU100_3|L1AU100_3|02.01.1995|   2.5|L1AU100_3|L1AU100_3|02.01.1995|
|AUFTRAGSBEZ|KARLSRUHE|  F12|  Stück|   1|   2.5|      |1AU100_3|       |      |L1AU100_3|L1AU100_3|02.01.1995|   2.5|L1AU100_3|L1AU100_3|02.01.1995|
|AUFTRAGSBEZ|KARLSRUHE|  F12|  Stück|   1|   2.5|      |        |PROJ100|      |L1AU100_3|L1AU100_3|02.01.1995|   2.5|L1AU100_3|L1AU100_3|02.01.1995|
|AUFTRAGSBEZ|KARLSRUHE|  F12|  Stück|   1|   2.5|      |  1AU100|PROJ100|      |L1AU100_3|L1AU100_3|02.01.1995|   2.5|L1AU100_3|L1AU100_3|02.01.1995|
|AUFTRAGSBEZ|KARLSRUHE|  F12|  Stück|   1|   2.5|      |1AU100_3|PROJ100|      |L1AU100_3|L1AU100_3|02.01.1995|   2.5|L1AU100_3|L1AU100_3|02.01.1995|
--- platzmengen nach storno.return ---
|artikel|lgruppe|platz|gebeinh|gebf|gebmge|charge|verw|projekt|lffert|lj|orig|verfdat|bewmge|bewlj|beworig|bewdat|
