bestand nach return/rueckbau -35 gutmenge:
vor dem return/rueckbau waren die bestaende der artikel == 0
|artikel    |lgruppe  |platz|gebeinh|gebf|gebmge|charge|verw|projekt|lffert|lj|orig|verfdat   |bewmge|bewlj|beworig|bewdat    |
|B_EINKAUF-1|KARLSRUHE|   F1|  Stück|   1|    40|     1|    |       |      |L2|  L2|03.02.1995|    40|   L2|     L2|03.02.1995|
|B_EINKAUF-1|KARLSRUHE|   F1|  Stück|   1|    20|     1|    |       |      |L2|  L2|03.02.1995|    20|   L2|     L2|03.02.1995|
|B_EINKAUF-1|KARLSRUHE|   F1|  Stück|   1|    10|     2|    |       |      |L2|  L2|03.02.1995|    10|   L2|     L2|03.02.1995|
----
|artikel    |lgruppe  |platz|gebeinh|gebf|gebmge|charge|verw|projekt|lffert|lj|orig|verfdat   |bewmge|bewlj|beworig|bewdat    |
|B_EINKAUF-2|KARLSRUHE|   F1|  Stück|   1|    25|      |    |       |      |L2|  L2|03.02.1995|    25|   L2|     L2|03.02.1995|
|B_EINKAUF-2|KARLSRUHE|   F1|  Stück|   1|    10|      |    |       |      |L2|  L2|03.02.1995|    10|   L2|     L2|03.02.1995|
----
|artikel    |lgruppe  |platz|gebeinh|gebf|gebmge|charge|verw|projekt|lffert|lj         |orig|verfdat   |bewmge|bewlj      |beworig|bewdat    |
|B_BAUGRUPPE|KARLSRUHE|   F1|  Stück|   1|   -10|     3|    |       |      |LCHRUECKB01|    |03.02.1995|   -10|LCHRUECKB01|       |03.02.1995|
|B_BAUGRUPPE|KARLSRUHE|   F1|  Stück|   1|   -25|     4|    |       |      |LCHRUECKB01|    |03.02.1995|   -25|LCHRUECKB01|       |03.02.1995|
----
diese datei muss den spiegelbildlichen bestand zur nach.return-ref-datei enthalten:
bestand nach storno return/rueckbau:
|artikel|lgruppe|platz|gebeinh|gebf|gebmge|charge|verw|projekt|lffert|lj|orig|verfdat|bewmge|bewlj|beworig|bewdat|
----
|artikel|lgruppe|platz|gebeinh|gebf|gebmge|charge|verw|projekt|lffert|lj|orig|verfdat|bewmge|bewlj|beworig|bewdat|
----
|artikel|lgruppe|platz|gebeinh|gebf|gebmge|charge|verw|projekt|lffert|lj|orig|verfdat|bewmge|bewlj|beworig|bewdat|
----
