bestand nach return/rueckbau -45 gutmge:
vor dem return/rueckbau waren die bestaende der artikel == 0
|artikel  |lgruppe  |platz|gebeinh|gebf|gebmge|charge|verw    |projekt|lffert|lj|orig|verfdat   |bewmge|bewlj|beworig|bewdat    |
|EINKAUF-1|KARLSRUHE|   F1|  Stück|   1|    40|      |  200001|       |      |L1|  L1|03.02.1995|    40|   L1|     L1|03.02.1995|
|EINKAUF-1|KARLSRUHE|   F1|  Stück|   1|    50|      |200001_1|       |      |L1|  L1|03.02.1995|    50|   L1|     L1|03.02.1995|
----
|artikel  |lgruppe  |platz|gebeinh|gebf|gebmge|charge|verw    |projekt|lffert|lj|orig|verfdat   |bewmge|bewlj|beworig|bewdat    |
|EINKAUF-2|KARLSRUHE|   F1|  Stück|   1|    45|      |200001_1|       |      |L1|  L1|03.02.1995|    45|   L1|     L1|03.02.1995|
----
|artikel  |lgruppe  |platz|gebeinh|gebf|gebmge|charge|verw    |projekt|lffert|lj        |orig|verfdat   |bewmge|bewlj     |beworig|bewdat    |
|BAUGRUPPE|KARLSRUHE|   F1|  Stück|   1|   -45|      |200001_1|       |      |LB_SCEN132|    |03.02.1995|   -45|LB_SCEN132|       |03.02.1995|
----
diese datei muss den spiegelbildlichen bestand zur nach.return-ref-datei enthalten:
bestand nach storno return/rueckbau:
|artikel  |lgruppe  |platz|gebeinh|gebf|gebmge|charge|verw    |projekt|lffert|lj      |orig|verfdat   |bewmge|bewlj   |beworig|bewdat    |
|EINKAUF-1|KARLSRUHE|   F1|  Stück|   1|   -40|      |  200001|       |      |L1002001|    |03.02.1995|   -40|L1002001|       |03.02.1995|
|EINKAUF-1|KARLSRUHE|   F1|  Stück|   1|   -50|      |200001_1|       |      |L1002001|    |03.02.1995|   -50|L1002001|       |03.02.1995|
----
|artikel  |lgruppe  |platz|gebeinh|gebf|gebmge|charge|verw    |projekt|lffert|lj      |orig|verfdat   |bewmge|bewlj   |beworig|bewdat    |
|EINKAUF-2|KARLSRUHE|   F1|  Stück|   1|   -45|      |200001_1|       |      |L1002001|    |03.02.1995|   -45|L1002001|       |03.02.1995|
----
|artikel  |lgruppe  |platz|gebeinh|gebf|gebmge|charge|verw    |projekt|lffert|lj      |orig    |verfdat   |bewmge|bewlj   |beworig |bewdat    |
|BAUGRUPPE|KARLSRUHE|   F1|  Stück|   1|    45|      |200001_1|       |      |L1002001|L1002001|03.02.1995|    45|L1002001|L1002001|03.02.1995|
----
