prozess in std/test/cucumber/ekvkservice/ruecklieferung_mz.feature
Scenario: Ruecklieferung EK-Lieferschein mit Beistellungen, Verwendung und Projekt, Ruecklieferung ohne MZs
--- platzmengen vor return ---
|artikel|lgruppe|platz|gebeinh|gebf|gebmge|charge|verw|projekt|lffert|lj|orig|verfdat|bewmge|bewlj|beworig|bewdat|
|artikel|lgruppe|platz|gebeinh|gebf|gebmge|charge|verw|projekt|lffert|lj|orig|verfdat|bewmge|bewlj|beworig|bewdat|
|artikel|lgruppe|platz|gebeinh|gebf|gebmge|charge|verw|projekt|lffert|lj|orig|verfdat|bewmge|bewlj|beworig|bewdat|
|artikel|lgruppe|platz|gebeinh|gebf|gebmge|charge|verw|projekt|lffert|lj|orig|verfdat|bewmge|bewlj|beworig|bewdat|
--- platzmengen nach return ---
|artikel|lgruppe  |platz|gebeinh|gebf|gebmge|charge|verw    |projekt|lffert|lj       |orig     |verfdat   |bewmge|bewlj    |beworig  |bewdat    |
| BEIST1|KARLSRUHE| F313|  Stück|   1|     5|      |        |       |      |L1BE111_1|L1BE111_1|02.01.1995|     5|L1BE111_1|L1BE111_1|02.01.1995|
| BEIST1|KARLSRUHE| F313|  Stück|   1|    10|      |  1BE111|PROJ100|      |L1BE111_1|L1BE111_1|02.01.1995|    10|L1BE111_1|L1BE111_1|02.01.1995|
| BEIST1|KARLSRUHE| F313|  Stück|   1|    25|      |1BE111_1|PROJ100|      |L1BE111_1|L1BE111_1|02.01.1995|    25|L1BE111_1|L1BE111_1|02.01.1995|
|artikel|lgruppe  |platz|gebeinh|gebf|gebmge|charge|verw    |projekt|lffert|lj       |orig     |verfdat   |bewmge|bewlj    |beworig  |bewdat    |
| BEIST2|KARLSRUHE| F314|  Stück|   1|     1|      |        |       |      |L1BE111_1|L1BE111_1|02.01.1995|     1|L1BE111_1|L1BE111_1|02.01.1995|
| BEIST2|KARLSRUHE| F314|  Stück|   1|     3|      |  1BE111|PROJ100|      |L1BE111_1|L1BE111_1|02.01.1995|     3|L1BE111_1|L1BE111_1|02.01.1995|
| BEIST2|KARLSRUHE| F314|  Stück|   1|     6|      |1BE111_1|PROJ100|      |L1BE111_1|L1BE111_1|02.01.1995|     6|L1BE111_1|L1BE111_1|02.01.1995|
|artikel|lgruppe  |platz|gebeinh|gebf|gebmge|charge|verw    |projekt|lffert|lj       |orig     |verfdat   |bewmge|bewlj    |beworig  |bewdat    |
| BEIST3|KARLSRUHE| F315|  Stück|   1|     1|      |        |       |      |L1BE111_1|L1BE111_1|02.01.1995|     1|L1BE111_1|L1BE111_1|02.01.1995|
| BEIST3|KARLSRUHE| F315|  Stück|   1|     2|      |  1BE111|PROJ100|      |L1BE111_1|L1BE111_1|02.01.1995|     2|L1BE111_1|L1BE111_1|02.01.1995|
| BEIST3|KARLSRUHE| F315|  Stück|   1|     2|      |1BE111_1|PROJ100|      |L1BE111_1|L1BE111_1|02.01.1995|     2|L1BE111_1|L1BE111_1|02.01.1995|
|artikel    |lgruppe  |platz|gebeinh|gebf|gebmge|charge|verw    |projekt|lffert|lj          |orig|verfdat   |bewmge|bewlj       |beworig|bewdat    |
|ARTMITBEIST|KARLSRUHE|   F1|  Stück|   1|   -10|      |1BE111_1|PROJ100|      |LE_RLS_BEIVP|    |02.01.1995|   -10|LE_RLS_BEIVP|       |02.01.1995|
--- nach storno.return ---
|artikel|lgruppe  |platz|gebeinh|gebf|gebmge|charge|verw    |projekt|lffert|lj      |orig|verfdat   |bewmge|bewlj   |beworig|bewdat    |
| BEIST1|KARLSRUHE| F313|  Stück|   1|    -5|      |        |       |      |L1LS1051|    |02.01.1995|    -5|L1LS1051|       |02.01.1995|
| BEIST1|KARLSRUHE| F313|  Stück|   1|   -10|      |  1BE111|PROJ100|      |L1LS1051|    |02.01.1995|   -10|L1LS1051|       |02.01.1995|
| BEIST1|KARLSRUHE| F313|  Stück|   1|   -25|      |1BE111_1|PROJ100|      |L1LS1051|    |02.01.1995|   -25|L1LS1051|       |02.01.1995|
|artikel|lgruppe  |platz|gebeinh|gebf|gebmge|charge|verw    |projekt|lffert|lj      |orig|verfdat   |bewmge|bewlj   |beworig|bewdat    |
| BEIST2|KARLSRUHE| F314|  Stück|   1|    -1|      |        |       |      |L1LS1051|    |02.01.1995|    -1|L1LS1051|       |02.01.1995|
| BEIST2|KARLSRUHE| F314|  Stück|   1|    -3|      |  1BE111|PROJ100|      |L1LS1051|    |02.01.1995|    -3|L1LS1051|       |02.01.1995|
| BEIST2|KARLSRUHE| F314|  Stück|   1|    -6|      |1BE111_1|PROJ100|      |L1LS1051|    |02.01.1995|    -6|L1LS1051|       |02.01.1995|
|artikel|lgruppe  |platz|gebeinh|gebf|gebmge|charge|verw    |projekt|lffert|lj      |orig|verfdat   |bewmge|bewlj   |beworig|bewdat    |
| BEIST3|KARLSRUHE| F315|  Stück|   1|    -1|      |        |       |      |L1LS1051|    |02.01.1995|    -1|L1LS1051|       |02.01.1995|
| BEIST3|KARLSRUHE| F315|  Stück|   1|    -2|      |  1BE111|PROJ100|      |L1LS1051|    |02.01.1995|    -2|L1LS1051|       |02.01.1995|
| BEIST3|KARLSRUHE| F315|  Stück|   1|    -2|      |1BE111_1|PROJ100|      |L1LS1051|    |02.01.1995|    -2|L1LS1051|       |02.01.1995|
|artikel    |lgruppe  |platz|gebeinh|gebf|gebmge|charge|verw    |projekt|lffert|lj      |orig    |verfdat   |bewmge|bewlj   |beworig |bewdat    |
|ARTMITBEIST|KARLSRUHE|   F1|  Stück|   1|    10|      |1BE111_1|PROJ100|      |L1LS1051|L1LS1051|02.01.1995|    10|L1LS1051|L1LS1051|02.01.1995|
