<#>#KOR#EDI-MODUL#DATUM#éNDERUNGS-INDEX#MitarbeiterkÅrzel#
<#>#KOR#EDL#20.03.2003#1#ok# BGM1 text4 und text5 korrigiert bzw. ergÑnzt
<R+>
<abbruch><abbruch><abbruch>
<R->
<B->
<hinweis>Lader zum Erzeugen Referenzdatensatz zu EDL-Referenzdatensatz in EDI-Datenbank: Start
<edi> <neu>
`such
R-VKEDL
`name
Referenzdatensatz zu EDL
`edinachraz (ESPMessage)
`
<Zeile>
`text1 UNBI
`text2 K
`text3 M
`text4 1
`text5 9999|UNZI|
`text6 9999|UNZI|
`text7 M|M|M|C|C|M|C|C|C|C|C|C|C|C|C|C|C|C|C|C|L|L|L|L|M|
`text8 AN|AN|AN|AN|AN|AN|AN|AN|N|N|N|AN|AN|AN|N|AN|N|AN|AN|N|AN|AN|AN|AN|N|
`text9 -|-|-|-|-|-|-|-|-|-|-|-|-|-|-|-|-|-|-|-|-|-|-|-|-|
<C+>
<Zeile>
`text1 UNHI
`text2 K
`text3 M
`text4 1
`text5 9999|UNBI|
`text6 9999|UNBI|
`text7 M|M|M|M|M|M|M|C|L|L|L|L|L|L|L|L|L|L|L|L|L|L|L|L|M|
`text8 AN|AN|AN|AN|AN|AN|AN|AN|AN|AN|AN|AN|AN|AN|AN|AN|AN|AN|AN|AN|AN|AN|AN|AN|N|
`text9 -|-|-|nachrtyp|-|-|-|-|-|-|-|-|-|-|-|-|-|-|-|-|-|-|-|-|-|
<C+>
<Zeile>
`text1 BGMI
`text2 K
`text3 M
`text4 1
`text5 9999|UNHI|QTY1|
`text6 9999|UNHI|SUM1|DAL1|PAC3|PAC2|PAC1|ALC1|QTY1|
`text7 M|M|M|M|C|C|L|L|L|L|L|L|L|L|L|L|L|L|L|L|L|L|L|L|M|
`text8 AN|AN|AN|AN|AN|AN|AN|AN|AN|AN|AN|AN|AN|AN|AN|AN|AN|AN|AN|AN|AN|AN|AN|AN|N|
`text9 -|-|-|-|-|-|-|-|-|-|-|-|-|-|-|-|-|-|-|-|-|-|-|-|-|
<C+>
<Zeile>
`text1 RFH1
`text2 K
`text3 M
`text4 1
`text5 9999|BGMI|
`text6 9999|BGMI|
`text7 M|M|C|C|C|C|C|C|C|C|C|C|C|C|C|C|C|C|C|M|L|L|L|L|M|
`text8 AN|AN|AN|N|AN|AN|AN|AN|AN|AN|AN|AN|AN|AN|AN|AN|AN|AN|AN||AN|AN|AN|AN|N|
`text9 -|-|-|-|-|-|-|-|-|-|-|-|-|-|-|-|-|-|-|funktion|-|-|-|-|-|
<C+>
<Zeile>
`text1 RFH2
`text2 K
`text3 C
`text4 1
`text5 9999|RFH1|
`text6 9999|RFH1|
`text7 M|M|C|C|C|C|C|C|C|C|C|C|L|L|L|L|L|L|L|L|L|L|L|L|M|
`text8 AN|AN|AN|N|AN|AN|AN|AN|AN|AN|AN|AN|AN|AN|AN|AN|AN|AN|AN|AN|AN|AN|AN|AN|N|
`text9 -|-|-|-|-|-|-|-|-|-|-|-|-|-|-|-|-|-|-|-|-|-|-|-|-|
<C+>
<Zeile>
`text1 DAH1
`text2 K
`text3 C
`text4 1
`text5 9999|RFH1|
`text6 9999|RFH1|RFH2|
`text7 M|M|C|C|M|M|L|L|L|L|L|L|L|L|L|L|L|L|L|L|L|L|L|L|M|
`text8 AN|AN|AN|N|N|N|AN|AN|AN|AN|AN|AN|AN|AN|AN|AN|AN|AN|AN|AN|AN|AN|AN|AN|N|
`text9 -|-|-|-|-|-|-|-|-|-|-|-|-|-|-|-|-|-|-|-|-|-|-|-|-|
<C+>
<Zeile>
`text1 SUP1
`text2 K
`text3 M
`text4 1
`text5 9999|RFH1|
`text6 9999|RFH1|RFH2|DAH1|
`text7 M|M|M|M|C|C|C|C|C|C|L|L|L|L|L|L|L|L|L|L|L|L|L|L|M|
`text8 AN|AN|AN|AN|AN|AN|AN|AN|AN|AN|AN|AN|AN|AN|AN|AN|AN|AN|AN|AN|AN|AN|AN|AN|N|
`text9 -|-|-|idabkunde|-|-|-|-|-|-|-|-|-|-|-|-|-|-|-|-|-|-|-|-|-|
<C+>
<Zeile>
`text1 SUP2
`text2 K
`text3 C
`text4 1
`text5 9999|SUP1|
`text6 9999|SUP1|
`text7 M|M|C|C|C|C|C|C|C|C|L|L|L|L|L|L|L|L|L|L|L|L|L|L|M|
`text8 AN|AN|AN|AN|AN|AN|AN|AN|AN|AN|AN|AN|AN|AN|AN|AN|AN|AN|AN|AN|AN|AN|AN|AN|N|
`text9 -|-|-|-|-|-|-|-|-|-|-|-|-|-|-|-|-|-|-|-|-|-|-|-|-|
<C+>
<Zeile>
`text1 BUY1
`text2 K
`text3 M
`text4 1
`text5 9999|SUP1|
`text6 9999|SUP1|SUP2|
`text7 M|M|M|M|C|C|C|C|M|M|L|L|L|L|L|L|L|L|L|L|L|L|L|L|M|
`text8 AN|AN|AN|AN|AN|AN|AN|AN|AN|AN|AN|AN|AN|AN|AN|AN|AN|AN|AN|AN|AN|AN|AN|AN|N|
`text9 -|-|glkundeab|idkundeab|-|werk|ablstelle|-|-|-|-|-|-|-|-|-|-|-|-|-|-|-|-|-|-|
<C+>
<Zeile>
`text1 BUY2
`text2 K
`text3 C
`text4 1
`text5 9999|BUY1|
`text6 9999|BUY1|
`text7 M|M|C|C|C|C|C|C|C|C|L|L|L|L|L|L|L|L|L|L|L|L|L|L|M|
`text8 AN|AN|AN|AN|AN|AN|AN|AN|AN|AN|AN|AN|AN|AN|AN|AN|AN|AN|AN|AN|AN|AN|AN|AN|N|
`text9 -|-|-|-|-|-|-|-|-|-|-|-|-|-|-|-|-|-|-|-|-|-|-|-|-|
<C+>
<Zeile>
`text1 DPA1
`text2 K
`text3 M
`text4 1
`text5 9999|BUY1|
`text6 9999|BUY1|BUY2|
`text7 M|M|M|M|C|M|M|C|C|M|L|L|L|L|L|L|L|L|L|L|L|L|L|L|M|
`text8 AN|AN|AN|AN|AN|AN|AN|AN|AN|AN|AN|AN|AN|AN|AN|AN|AN|AN|AN|AN|AN|AN|AN|AN|N|
`text9 -|-|idkundesab|glkundesab|-|-|-|-|-|-|-|-|-|-|-|-|-|-|-|-|-|-|-|-|-|
<C+>
<Zeile>
`text1 DPA2
`text2 K
`text3 C
`text4 1
`text5 9999|DPA1|
`text6 9999|DPA1|
`text7 M|M|C|C|C|C|C|C|C|C|L|L|L|L|L|L|L|L|L|L|L|L|L|L|M|
`text8 AN|AN|AN|AN|AN|AN|AN|AN|AN|AN|AN|AN|AN|AN|AN|AN|AN|AN|AN|AN|AN|AN|AN|AN|N|
`text9 -|-|-|-|-|-|-|-|-|-|-|-|-|-|-|-|-|-|-|-|-|-|-|-|-|
<C+>
<Zeile>
`text1 IV1
`text2 K
`text3 M
`text4 1
`text5 9999|DPA1|
`text6 9999|DPA1|DPA2|
`text7 M|M|M|M|C|C|C|C|M|M|L|L|L|L|L|L|L|L|L|L|L|L|L|L|M|
`text8 AN|AN|AN|AN|AN|AN|AN|AN|AN|AN|AN|AN|AN|AN|AN|AN|AN|AN|AN|AN|AN|AN|AN|AN|N|
`text9 -|-|glkunderab|idkunderab|-|-|-|-|-|-|-|-|-|-|-|-|-|-|-|-|-|-|-|-|-|
<C+>
<Zeile>
`text1 TRA1
`text2 K
`text3 M
`text4 1
`text5 9999|IV1|
`text6 9999|IV1|
`text7 M|M|C|C|C|C|C|C|M|C|C|M|M|C|C|C|C|C|C|L|L|L|L|L|M|
`text8 AN|AN|AN|AN|AN|AN|AN|AN|AN|AN|AN|AN|AN|AN|AN|AN|AN|AN|AN|AN|AN|AN|AN|AN|N|
`text9 -|-|-|-|-|-|-|-|-|-|-|-|-|-|-|-|-|-|-|-|-|-|-|-|-|
<C+>
<Zeile>
`text1 TRA2
`text2 K
`text3 M
`text4 1
`text5 9999|TRA1|
`text6 9999|TRA1|
`text7 M|M|M|C|C|M|M|M|M|C|C|C|C|M|C|C|C|C|C|L|L|L|L|L|M|
`text8 AN|AN|AN|AN|AN|N|N|N|N|AN|AN|AN|AN|AN|AN|AN||N|N|AN|AN|AN|AN|AN|N|
`text9 -|-|-|-|-|-|-|-|-|-|-|-|-|-|-|-|-|-|-|-|-|-|-|-|-|
<C+>
<Zeile>
`text1 LIN1
`text2 G
`text3 M
`text4 1
`text5 9999|TRA2|DAL1|PAC3|PAC2|PAC1|ALC1|QTY1|   
`text6 9999|TRA2|DAL1|PAC3|PAC2|PAC1|ALC1|QTY1|   
`text7 M|M|M|M|C|C|C|C|L|L|L|L|L|L|L|L|L|L|L|L|L|L|L|L|M|
`text8 AN|AN|AN|N|AN|N|AN|N|AN|AN|AN|AN|AN|AN|AN|AN|AN|AN|AN|AN|AN|AN|AN|AN|N|
`text9 -|-|-|-|-|-|-|-|-|-|-|-|-|-|-|-|-|-|-|-|-|-|-|-|-|
<C+>
<Zeile>
`text1 RFL1
`text2 G
`text3 M
`text4 1
`text5 9999|LIN1|
`text6 9999|LIN1|
`text7 M|M|C|C|M|C|M|M|C|C|C|M|C|C|C|M|C|C|C|L|L|L|L|L|M|
`text8 AN|AN|AN|N|AN|AN|AN|AN|AN|AN|AN|AN|AN|AN|AN|AN|AN|AN|AN|AN|AN|AN|AN|AN|N|
`text9 -|-|-|-|-|-|-|-|-|-|-|-|-|-|-|-|-|-|-|-|-|-|-|-|-|
<C+>
<Zeile>
`text1 RFL2
`text2 G
`text3 M
`text4 1
`text5 9999|RFL1|
`text6 9999|RFL1|
`text7 M|M|C|C|C|C|C|C|C|C|C|M|M|C|C|C|C|L|L|L|L|L|L|L|M|
`text8 AN|AN|AN|AN|AN|AN|AN|AN|AN|AN|AN|AN|AN|AN|N|AN|N|AN|AN|AN|AN|AN|AN|AN|N|
`text9 -|-|-|-|-|-|-|-|-|-|-|-|-|-|-|-|-|-|-|-|-|-|-|-|-|
<C+>
<Zeile>
`text1 ART1
`text2 G
`text3 M
`text4 1
`text5 9999|RFL2|
`text6 9999|RFL2|
`text7 M|M|M|M|M|C|C|C|C|M|C|C|C|C|C|L|L|L|L|L|L|L|L|L|M|
`text8 AN|AN|AN|AN|AN|AN|AN|AN|AN|AN|AN|AN|AN|AN|AN|AN|AN|AN|AN|AN|AN|AN|AN|AN|N|
`text9 -|-|-|-|-|-|-|-|-|-|-|-|-|-|-|-|-|-|-|-|-|-|-|-|-|
<C+>
<Zeile>
`text1 ART2
`text2 G
`text3 C
`text4 1
`text5 9999|ART1|
`text6 9999|ART1|
`text7 M|M|C|C|C|C|C|C|C|C|C|C|C|L|L|L|L|L|L|L|L|L|L|L|M|
`text8 AN|AN|AN|AN|AN|AN|N|N|N|AN|AN|AN|AN|AN|AN|AN|AN|AN|AN|AN|AN|AN|AN|AN|N|
`text9 -|-|-|-|-|-|-|-|-|-|-|-|-|-|-|-|-|-|-|-|-|-|-|-|-|
<C+>
<Zeile>
`text1 QTY1
`text2 G
`text3 M
`text4 1
`text5 9999|ART1|
`text6 9999|ART1|ART2|
`text7 M|M|M|C|C|C|M|C|M|M|C|C|L|L|L|L|L|L|L|L|L|L|L|L|M|
`text8 AN|AN|N|AN|N|AN|AN|AN|AN|AN|AN|AN|AN|AN|AN|AN|AN|AN|AN|AN|AN|AN|AN|AN|N|
`text9 -|-|-|-|-|-|-|-|-|-|-|-|-|-|-|-|-|-|-|-|-|-|-|-|-|
<C+>
<Zeile>
`text1 ALC1
`text2 G
`text3 C
`text4 1
`text5 9999|QTY1|
`text6 9999|QTY1|
`text7 M|M|C|C|C|C|C|C|C|C|C|C|C|C|L|L|L|L|L|L|L|L|L|L|M|
`text8 AN|AN|AN|AN|AN|N|AN|AN|N|AN|AN|N|AN|AN|AN|AN|AN|AN|AN|AN|AN|AN|AN|AN|N|
`text9 -|-|-|-|-|-|-|-|-|-|-|-|-|-|-|-|-|-|-|-|-|-|-|-|-|
<C+>
<Zeile>
`text1 PAC1
`text2 G
`text3 M
`text4 R
`text5 9999|QTY1|PAC2|
`text6 9999|QTY1|ALC1|PAC2|PAC1|
`text7 M|M|M|M|M|M|M|C|C|M|C|C|C|M|L|L|L|L|L|L|L|L|L|L|M|
`text8 AN|AN|N|A|A|N|N|A|A|A|AN|A|AN|N|AN|AN|AN|AN|AN|AN|AN|AN|AN|AN|N|
`text9 -|-|-|-|-|-|-|-|-|-|-|-|-|-|-|-|-|-|-|-|-|-|-|-|-|
<C+>
<Zeile>
`text1 PAC2
`text2 G
`text3 M
`text4 R
`text5 9999|PAC1|
`text6 9999|PAC1|PAC2|
`text7 M|M|C|M|C|C|C|C|C|C|C|C|C|C|L|L|L|L|L|L|L|L|L|L|M|
`text8 AN|AN|AN|N|AN|N|N|N|AN|AN|N|N|N|AN|AN|AN|AN|AN|AN|AN|AN|AN|AN|AN|N|
`text9 -|-|-|-|-|-|-|-|-|-|-|-|-|-|-|-|-|-|-|-|-|-|-|-|-|
<C+>
<Zeile>
`text1 PAC3
`text2 G
`text3 C
`text4 R
`text5 9999|PAC2|
`text6 9999|PAC2|
`text7 M|M|C|M|C|C|C|C|C|C|C|C|L|L|L|L|L|L|L|L|L|L|L|L|M|
`text8 AN|AN|AN|AN|AN|AN|AN|AN|AN|AN|AN|AN|AN|AN|AN|AN|AN|AN|AN|AN|AN|AN|AN|AN|N|
`text9 -|-|-|-|-|-|-|-|-|-|-|-|-|-|-|-|-|-|-|-|-|-|-|-|-|
<C+>
<Zeile>
`text1 UNZI
`text2 F
`text3 M
`text4 1
`text5 9999|SUM1|DAL1|PAC3|PAC2|PAC1|ALC1|QTY1|    
`text6 9999|SUM1|DAL1|PAC3|PAC2|PAC1|ALC1|QTY1|    
`text7 M|M|C|C|L|L|L|L|L|L|L|L|L|L|L|L|L|L|L|L|L|L|L|L|M|
`text8 AN|AN|AN|AN|AN|AN|AN|AN|AN|AN|AN|AN|AN|AN|AN|AN|AN|AN|AN|AN|AN|AN|AN|AN|N|
`text9 -|-|-|-|-|-|-|-|-|-|-|-|-|-|-|-|-|-|-|-|-|-|-|-|-|
<C+>
<C->
<fertig>
<abbruch>
<hinweis>Lader zum Erzeugen Referenzdatensatz zu EDL-Referenzdatensatz in EDI-Datenbank: Stop
